// Jest Snapshot v1, https://goo.gl/fbAQLP

exports[`shows the word Lifted 1`] = `
<DocumentFragment>
  <p
    class="sc-bdVaJa jvkMKG"
  >
    Lifted
  </p>
</DocumentFragment>
`;
