// Jest Snapshot v1, https://goo.gl/fbAQLP

exports[`displays a button 1`] = `
<DocumentFragment>
  <button
    class="sc-bdVaJa bgFwOS"
  >
    Join Now
  </button>
</DocumentFragment>
`;
